// Jest Snapshot v1, https://goo.gl/fbAQLP

exports[`LmcTeamScreen renders correctly 1`] = `
ShallowWrapper {
  "complexSelector": ComplexSelector {
    "buildPredicate": [Function],
    "childrenOfNode": [Function],
    "findWhereUnwrapped": [Function],
  },
  "length": 1,
  "node": <div>
    <div
      style={
        Object {
          "display": "flex",
          "flexDirection": "row",
        }
      }
    >
      <div
        style={
          Object {
            "display": "flex",
            "flex": "1",
            "flexDirection": "column",
          }
        }
      >
        <LmcSidebar
          itemLabel="Team Member"
          items={
            Array [
              Object {
                "active": true,
                "name": Object {
                  "first": "Test",
                  "last": "Carer",
                },
              },
              Object {
                "active": true,
                "name": Object {
                  "first": "Test2",
                  "last": "Carer2",
                },
              },
            ]
          }
          listId="User"
          onCreate={[Function]}
          selectedItem="TestId"
          setSelectedItem={[MockFunction]}
          styles={
            Object {
              "height": "83vh",
              "maxHeight": "83vh",
            }
          }
          title="Team Members"
        />
      </div>
      <div
        style={
          Object {
            "flex": "3.5",
          }
        }
      />
    </div>
  </div>,
  "nodes": Array [
    <div>
      <div
        style={
          Object {
            "display": "flex",
            "flexDirection": "row",
          }
        }
      >
        <div
          style={
            Object {
              "display": "flex",
              "flex": "1",
              "flexDirection": "column",
            }
          }
        >
          <LmcSidebar
            itemLabel="Team Member"
            items={
              Array [
                Object {
                  "active": true,
                  "name": Object {
                    "first": "Test",
                    "last": "Carer",
                  },
                },
                Object {
                  "active": true,
                  "name": Object {
                    "first": "Test2",
                    "last": "Carer2",
                  },
                },
              ]
            }
            listId="User"
            onCreate={[Function]}
            selectedItem="TestId"
            setSelectedItem={[MockFunction]}
            styles={
              Object {
                "height": "83vh",
                "maxHeight": "83vh",
              }
            }
            title="Team Members"
          />
        </div>
        <div
          style={
            Object {
              "flex": "3.5",
            }
          }
        />
      </div>
    </div>,
  ],
  "options": Object {},
  "renderer": ReactShallowRenderer {
    "_instance": ShallowComponentWrapper {
      "_calledComponentWillUnmount": false,
      "_compositeType": 0,
      "_context": Object {},
      "_currentElement": <LmcTeamScreen
        selectedUser="TestId"
        setSelectedUser={[MockFunction]}
        users={
          Array [
            Object {
              "active": true,
              "name": Object {
                "first": "Test",
                "last": "Carer",
              },
            },
            Object {
              "active": true,
              "name": Object {
                "first": "Test2",
                "last": "Carer2",
              },
            },
          ]
        }
      />,
      "_debugID": 1,
      "_hostContainerInfo": null,
      "_hostParent": null,
      "_instance": LmcTeamScreen {
        "_reactInternalInstance": [Circular],
        "context": Object {},
        "onCreateUserComplete": [Function],
        "props": Object {
          "selectedUser": "TestId",
          "setSelectedUser": [MockFunction],
          "users": Array [
            Object {
              "active": true,
              "name": Object {
                "first": "Test",
                "last": "Carer",
              },
            },
            Object {
              "active": true,
              "name": Object {
                "first": "Test2",
                "last": "Carer2",
              },
            },
          ],
        },
        "refs": Object {},
        "state": null,
        "updater": Object {
          "enqueueCallback": [Function],
          "enqueueCallbackInternal": [Function],
          "enqueueElementInternal": [Function],
          "enqueueForceUpdate": [Function],
          "enqueueReplaceState": [Function],
          "enqueueSetState": [Function],
          "isMounted": [Function],
          "validateCallback": [Function],
        },
      },
      "_mountOrder": 1,
      "_pendingCallbacks": null,
      "_pendingElement": null,
      "_pendingForceUpdate": false,
      "_pendingReplaceState": false,
      "_pendingStateQueue": null,
      "_renderedComponent": NoopInternalComponent {
        "_currentElement": <div>
          <div
            style={
              Object {
                "display": "flex",
                "flexDirection": "row",
              }
            }
          >
            <div
              style={
                Object {
                  "display": "flex",
                  "flex": "1",
                  "flexDirection": "column",
                }
              }
            >
              <LmcSidebar
                itemLabel="Team Member"
                items={
                  Array [
                    Object {
                      "active": true,
                      "name": Object {
                        "first": "Test",
                        "last": "Carer",
                      },
                    },
                    Object {
                      "active": true,
                      "name": Object {
                        "first": "Test2",
                        "last": "Carer2",
                      },
                    },
                  ]
                }
                listId="User"
                onCreate={[Function]}
                selectedItem="TestId"
                setSelectedItem={[MockFunction]}
                styles={
                  Object {
                    "height": "83vh",
                    "maxHeight": "83vh",
                  }
                }
                title="Team Members"
              />
            </div>
            <div
              style={
                Object {
                  "flex": "3.5",
                }
              }
            />
          </div>
        </div>,
        "_debugID": 2,
        "_renderedOutput": <div>
          <div
            style={
              Object {
                "display": "flex",
                "flexDirection": "row",
              }
            }
          >
            <div
              style={
                Object {
                  "display": "flex",
                  "flex": "1",
                  "flexDirection": "column",
                }
              }
            >
              <LmcSidebar
                itemLabel="Team Member"
                items={
                  Array [
                    Object {
                      "active": true,
                      "name": Object {
                        "first": "Test",
                        "last": "Carer",
                      },
                    },
                    Object {
                      "active": true,
                      "name": Object {
                        "first": "Test2",
                        "last": "Carer2",
                      },
                    },
                  ]
                }
                listId="User"
                onCreate={[Function]}
                selectedItem="TestId"
                setSelectedItem={[MockFunction]}
                styles={
                  Object {
                    "height": "83vh",
                    "maxHeight": "83vh",
                  }
                }
                title="Team Members"
              />
            </div>
            <div
              style={
                Object {
                  "flex": "3.5",
                }
              }
            />
          </div>
        </div>,
      },
      "_renderedNodeType": 0,
      "_rootNodeID": 0,
      "_topLevelWrapper": null,
      "_updateBatchNumber": null,
      "_warnedAboutRefsInRender": false,
    },
    "getRenderOutput": [Function],
    "render": [Function],
  },
  "root": [Circular],
  "unrendered": <LmcTeamScreen
    selectedUser="TestId"
    setSelectedUser={[MockFunction]}
    users={
      Array [
        Object {
          "active": true,
          "name": Object {
            "first": "Test",
            "last": "Carer",
          },
        },
        Object {
          "active": true,
          "name": Object {
            "first": "Test2",
            "last": "Carer2",
          },
        },
      ]
    }
  />,
}
`;
