// Jest Snapshot v1, https://goo.gl/fbAQLP

exports[`LmcResidentsNavbar renders correctly 1`] = `
ShallowWrapper {
  "complexSelector": ComplexSelector {
    "buildPredicate": [Function],
    "childrenOfNode": [Function],
    "findWhereUnwrapped": [Function],
  },
  "length": 1,
  "node": <div>
    <nav
      className="secondary-navbar"
      style={
        Object {
          "backgroundColor": "white",
          "height": 41.5,
          "paddingLeft": 20,
          "paddingRight": 50,
        }
      }
    >
      <ul
        className="app-nav app-nav--secondary app-nav--left"
      >
        <li
          className="lmc-secondary-nav-link"
          style={
            Object {
              "boxSizing": "border-box",
              "flex": "1",
              "textAlign": "center",
            }
          }
        >
          <Link
            className="lmc-secondary-nav-link"
            onlyActiveOnIndex={false}
            style={Object {}}
            to="/admin/testResourceUrl/url1"
          >
            label1
          </Link>
        </li>
        <li
          className="lmc-secondary-nav-link"
          style={
            Object {
              "boxSizing": "border-box",
              "flex": "1",
              "textAlign": "center",
            }
          }
        >
          <Link
            className="lmc-secondary-nav-link"
            onlyActiveOnIndex={false}
            style={Object {}}
            to="/admin/testResourceUrl/url2"
          >
            label2
          </Link>
        </li>
      </ul>
    </nav>
  </div>,
  "nodes": Array [
    <div>
      <nav
        className="secondary-navbar"
        style={
          Object {
            "backgroundColor": "white",
            "height": 41.5,
            "paddingLeft": 20,
            "paddingRight": 50,
          }
        }
      >
        <ul
          className="app-nav app-nav--secondary app-nav--left"
        >
          <li
            className="lmc-secondary-nav-link"
            style={
              Object {
                "boxSizing": "border-box",
                "flex": "1",
                "textAlign": "center",
              }
            }
          >
            <Link
              className="lmc-secondary-nav-link"
              onlyActiveOnIndex={false}
              style={Object {}}
              to="/admin/testResourceUrl/url1"
            >
              label1
            </Link>
          </li>
          <li
            className="lmc-secondary-nav-link"
            style={
              Object {
                "boxSizing": "border-box",
                "flex": "1",
                "textAlign": "center",
              }
            }
          >
            <Link
              className="lmc-secondary-nav-link"
              onlyActiveOnIndex={false}
              style={Object {}}
              to="/admin/testResourceUrl/url2"
            >
              label2
            </Link>
          </li>
        </ul>
      </nav>
    </div>,
  ],
  "options": Object {},
  "renderer": ReactShallowRenderer {
    "_instance": ShallowComponentWrapper {
      "_calledComponentWillUnmount": false,
      "_compositeType": 0,
      "_context": Object {},
      "_currentElement": <LmcTabBar
        items={
          Array [
            Object {
              "label": "label1",
              "url": "url1",
            },
            Object {
              "label": "label2",
              "url": "url2",
            },
          ]
        }
        location={
          Object {
            "pathname": "testPathname",
          }
        }
        resourceUrl="testResourceUrl"
      />,
      "_debugID": 1,
      "_hostContainerInfo": null,
      "_hostParent": null,
      "_instance": LmcTabBar {
        "_reactInternalInstance": [Circular],
        "context": Object {},
        "isActive": [Function],
        "props": Object {
          "items": Array [
            Object {
              "label": "label1",
              "url": "url1",
            },
            Object {
              "label": "label2",
              "url": "url2",
            },
          ],
          "location": Object {
            "pathname": "testPathname",
          },
          "resourceUrl": "testResourceUrl",
        },
        "refs": Object {},
        "renderLabel": [Function],
        "state": null,
        "updater": Object {
          "enqueueCallback": [Function],
          "enqueueCallbackInternal": [Function],
          "enqueueElementInternal": [Function],
          "enqueueForceUpdate": [Function],
          "enqueueReplaceState": [Function],
          "enqueueSetState": [Function],
          "isMounted": [Function],
          "validateCallback": [Function],
        },
      },
      "_mountOrder": 1,
      "_pendingCallbacks": null,
      "_pendingElement": null,
      "_pendingForceUpdate": false,
      "_pendingReplaceState": false,
      "_pendingStateQueue": null,
      "_renderedComponent": NoopInternalComponent {
        "_currentElement": <div>
          <nav
            className="secondary-navbar"
            style={
              Object {
                "backgroundColor": "white",
                "height": 41.5,
                "paddingLeft": 20,
                "paddingRight": 50,
              }
            }
          >
            <ul
              className="app-nav app-nav--secondary app-nav--left"
            >
              <li
                className="lmc-secondary-nav-link"
                style={
                  Object {
                    "boxSizing": "border-box",
                    "flex": "1",
                    "textAlign": "center",
                  }
                }
              >
                <Link
                  className="lmc-secondary-nav-link"
                  onlyActiveOnIndex={false}
                  style={Object {}}
                  to="/admin/testResourceUrl/url1"
                >
                  label1
                </Link>
              </li>
              <li
                className="lmc-secondary-nav-link"
                style={
                  Object {
                    "boxSizing": "border-box",
                    "flex": "1",
                    "textAlign": "center",
                  }
                }
              >
                <Link
                  className="lmc-secondary-nav-link"
                  onlyActiveOnIndex={false}
                  style={Object {}}
                  to="/admin/testResourceUrl/url2"
                >
                  label2
                </Link>
              </li>
            </ul>
          </nav>
        </div>,
        "_debugID": 2,
        "_renderedOutput": <div>
          <nav
            className="secondary-navbar"
            style={
              Object {
                "backgroundColor": "white",
                "height": 41.5,
                "paddingLeft": 20,
                "paddingRight": 50,
              }
            }
          >
            <ul
              className="app-nav app-nav--secondary app-nav--left"
            >
              <li
                className="lmc-secondary-nav-link"
                style={
                  Object {
                    "boxSizing": "border-box",
                    "flex": "1",
                    "textAlign": "center",
                  }
                }
              >
                <Link
                  className="lmc-secondary-nav-link"
                  onlyActiveOnIndex={false}
                  style={Object {}}
                  to="/admin/testResourceUrl/url1"
                >
                  label1
                </Link>
              </li>
              <li
                className="lmc-secondary-nav-link"
                style={
                  Object {
                    "boxSizing": "border-box",
                    "flex": "1",
                    "textAlign": "center",
                  }
                }
              >
                <Link
                  className="lmc-secondary-nav-link"
                  onlyActiveOnIndex={false}
                  style={Object {}}
                  to="/admin/testResourceUrl/url2"
                >
                  label2
                </Link>
              </li>
            </ul>
          </nav>
        </div>,
      },
      "_renderedNodeType": 0,
      "_rootNodeID": 0,
      "_topLevelWrapper": null,
      "_updateBatchNumber": null,
      "_warnedAboutRefsInRender": false,
    },
    "getRenderOutput": [Function],
    "render": [Function],
  },
  "root": [Circular],
  "unrendered": <LmcTabBar
    items={
      Array [
        Object {
          "label": "label1",
          "url": "url1",
        },
        Object {
          "label": "label2",
          "url": "url2",
        },
      ]
    }
    location={
      Object {
        "pathname": "testPathname",
      }
    }
    resourceUrl="testResourceUrl"
  />,
}
`;
